******************************************************************************
                  TI ARM Linker PC v20.2.5                     
******************************************************************************
>> Linked Fri Feb 18 15:08:54 2022

OUTPUT FILE NAME:   <Switch_using_Interrupt.out>
ENTRY POINT SYMBOL: "_c_int00_noargs"  address: 00000825


MEMORY CONFIGURATION

         name            origin    length      used     unused   attr    fill
----------------------  --------  ---------  --------  --------  ----  --------
  MAIN                  00000000   00040000  00000898  0003f768  R  X
  INFO                  00200000   00004000  00000000  00004000  R  X
  SRAM_CODE             01000000   00010000  0000020c  0000fdf4  RW X
  SRAM_DATA             20000000   00010000  0000020c  0000fdf4  RW  


SEGMENT ALLOCATION MAP

run origin  load origin   length   init length attrs members
----------  ----------- ---------- ----------- ----- -------
00000000    00000000    0000089c   0000089c    r-x
  00000000    00000000    000000e4   000000e4    r-- .intvecs
  000000e4    000000e4    00000798   00000798    r-x .text
  00000880    00000880    0000001c   0000001c    r-- .cinit
20000000    20000000    0000000c   00000000    rw-
  20000000    20000000    0000000c   00000000    rw- .data
2000fe00    2000fe00    00000200   00000000    rw-
  2000fe00    2000fe00    00000200   00000000    rw- .stack


SECTION ALLOCATION MAP

 output                                  attributes/
section   page    origin      length       input sections
--------  ----  ----------  ----------   ----------------
.intvecs   0    00000000    000000e4     
                  00000000    000000e4     startup_msp432p401r_ccs.obj (.intvecs:retain)

.text      0    000000e4    00000798     
                  000000e4    00000334     system_msp432p401r.obj (.text)
                  00000418    000002c4     main.obj (.text)
                  000006dc    0000009c     rtsv7M4_T_le_v4SPD16_eabi.lib : memcpy_t2.asm.obj (.text)
                  00000778    00000068                                   : copy_decompress_lzss.c.obj (.text:decompress:lzss:__TI_decompress_lzss)
                  000007e0    00000044                                   : autoinit.c.obj (.text:__TI_auto_init_nobinit_nopinit:__TI_auto_init_nobinit_nopinit)
                  00000824    00000034                                   : boot_cortex_m.c.obj (.text:_c_int00_noargs:_c_int00_noargs)
                  00000858    0000000e                                   : copy_decompress_none.c.obj (.text:decompress:none:__TI_decompress_none)
                  00000866    0000000e     startup_msp432p401r_ccs.obj (.text)
                  00000874    00000004     rtsv7M4_T_le_v4SPD16_eabi.lib : pre_init.c.obj (.text:_system_pre_init)
                  00000878    00000004                                   : exit.c.obj (.text:abort:abort)

.cinit     0    00000880    0000001c     
                  00000880    0000000b     (.cinit..data.load) [load image, compression = lzss]
                  0000088b    00000001     --HOLE-- [fill = 0]
                  0000088c    00000008     (__TI_handler_table)
                  00000894    00000008     (__TI_cinit_table)

.init_array 
*          0    00000000    00000000     UNINITIALIZED

.binit     0    00000000    00000000     

.data      0    20000000    0000000c     UNINITIALIZED
                  20000000    00000008     main.obj (.data)
                  20000008    00000004     system_msp432p401r.obj (.data)

.stack     0    2000fe00    00000200     UNINITIALIZED
                  2000fe00    00000004     rtsv7M4_T_le_v4SPD16_eabi.lib : boot_cortex_m.c.obj (.stack)
                  2000fe04    000001fc     --HOLE--

__llvm_prf_cnts 
*          0    20000000    00000000     UNINITIALIZED

MODULE SUMMARY

       Module                        code   ro data   rw data
       ------                        ----   -------   -------
    .\
       system_msp432p401r.obj        820    0         8      
       main.obj                      708    0         16     
       startup_msp432p401r_ccs.obj   14     228       0      
    +--+-----------------------------+------+---------+---------+
       Total:                        1542   228       24     
                                                             
    C:\ti\ccs1110\ccs\tools\compiler\ti-cgt-arm_20.2.5.LTS\lib\rtsv7M4_T_le_v4SPD16_eabi.lib
       memcpy_t2.asm.obj             156    0         0      
       copy_decompress_lzss.c.obj    104    0         0      
       autoinit.c.obj                68     0         0      
       boot_cortex_m.c.obj           52     0         0      
       copy_decompress_none.c.obj    14     0         0      
       exit.c.obj                    4      0         0      
       pre_init.c.obj                4      0         0      
    +--+-----------------------------+------+---------+---------+
       Total:                        402    0         0      
                                                             
       Stack:                        0      0         1024   
       Linker Generated:             0      27        0      
    +--+-----------------------------+------+---------+---------+
       Grand Total:                  1944   255       1048   


LINKER GENERATED COPY TABLES

__TI_cinit_table @ 00000894 records: 1, size/record: 8, table size: 8
	.data: load addr=00000880, load size=0000000b bytes, run addr=20000000, run size=0000000c bytes, compression=lzss


LINKER GENERATED HANDLER TABLE

__TI_handler_table @ 0000088c records: 2, size/record: 4, table size: 8
	index: 0, handler: __TI_decompress_lzss
	index: 1, handler: __TI_decompress_none


GLOBAL SYMBOLS: SORTED ALPHABETICALLY BY Name 

address   name                          
-------   ----                          
00000873  ADC14_IRQHandler              
00000873  AES256_IRQHandler             
00000873  BusFault_Handler              
00000879  C$$EXIT                       
00000873  COMP_E0_IRQHandler            
00000873  COMP_E1_IRQHandler            
00000873  CS_IRQHandler                 
00000873  DMA_ERR_IRQHandler            
00000873  DMA_INT0_IRQHandler           
00000873  DMA_INT1_IRQHandler           
00000873  DMA_INT2_IRQHandler           
00000873  DMA_INT3_IRQHandler           
00000873  DebugMon_Handler              
00000873  Default_Handler               
00000873  EUSCIA0_IRQHandler            
00000873  EUSCIA1_IRQHandler            
00000873  EUSCIA2_IRQHandler            
00000873  EUSCIA3_IRQHandler            
00000873  EUSCIB0_IRQHandler            
00000873  EUSCIB1_IRQHandler            
00000873  EUSCIB2_IRQHandler            
00000873  EUSCIB3_IRQHandler            
00000873  FLCTL_IRQHandler              
00000873  FPU_IRQHandler                
00000873  HardFault_Handler             
00000469  ISR                           
00000419  LED_init                      
00000873  MemManage_Handler             
00000873  NMI_Handler                   
00000873  PCM_IRQHandler                
000005b7  PORT1_IRQHandler              
000005b7  PORT1_IRQHandler              
00000873  PORT2_IRQHandler              
00000873  PORT3_IRQHandler              
00000873  PORT4_IRQHandler              
00000873  PORT5_IRQHandler              
00000873  PORT6_IRQHandler              
00000873  PSS_IRQHandler                
00000873  PendSV_Handler                
00000873  RTC_C_IRQHandler              
00000867  Reset_Handler                 
00000873  SVC_Handler                   
00000873  SysTick_Handler               
20000008  SystemCoreClock               
000000e5  SystemCoreClockUpdate         
0000035d  SystemInit                    
00000873  T32_INT1_IRQHandler           
00000873  T32_INT2_IRQHandler           
00000873  T32_INTC_IRQHandler           
000005fb  TA0_0_IRQHandler              
000005fb  TA0_0_IRQHandler              
00000873  TA0_N_IRQHandler              
00000873  TA1_0_IRQHandler              
00000873  TA1_N_IRQHandler              
00000873  TA2_0_IRQHandler              
00000873  TA2_N_IRQHandler              
00000873  TA3_0_IRQHandler              
00000873  TA3_N_IRQHandler              
00000873  UsageFault_Handler            
4000480c  WDTCTL_SYM                    
00000873  WDT_A_IRQHandler              
20010000  __STACK_END                   
00000200  __STACK_SIZE                  
00000894  __TI_CINIT_Base               
0000089c  __TI_CINIT_Limit              
0000088c  __TI_Handler_Table_Base       
00000894  __TI_Handler_Table_Limit      
000007e1  __TI_auto_init_nobinit_nopinit
00000779  __TI_decompress_lzss          
00000859  __TI_decompress_none          
ffffffff  __TI_pprof_out_hndl           
ffffffff  __TI_prof_data_size           
ffffffff  __TI_prof_data_start          
00000000  __TI_static_base__            
000006dd  __aeabi_memcpy                
000006dd  __aeabi_memcpy4               
000006dd  __aeabi_memcpy8               
ffffffff  __binit__                     
ffffffff  __c_args__                    
UNDEFED   __mpu_init                    
2000fe00  __stack                       
20000000  __start___llvm_prf_cnts       
20000000  __stop___llvm_prf_cnts        
00000825  _c_int00_noargs               
UNDEFED   _system_post_cinit            
00000875  _system_pre_init              
00000879  abort                         
ffffffff  binit                         
20000000  count                         
20000004  flag                          
0000049b  initial                       
00000000  interruptVectors              
0000056b  main                          
000006dd  memcpy                        
00000443  switch_config                 


GLOBAL SYMBOLS: SORTED BY Symbol Address 

address   name                          
-------   ----                          
00000000  __TI_static_base__            
00000000  interruptVectors              
000000e5  SystemCoreClockUpdate         
00000200  __STACK_SIZE                  
0000035d  SystemInit                    
00000419  LED_init                      
00000443  switch_config                 
00000469  ISR                           
0000049b  initial                       
0000056b  main                          
000005b7  PORT1_IRQHandler              
000005b7  PORT1_IRQHandler              
000005fb  TA0_0_IRQHandler              
000005fb  TA0_0_IRQHandler              
000006dd  __aeabi_memcpy                
000006dd  __aeabi_memcpy4               
000006dd  __aeabi_memcpy8               
000006dd  memcpy                        
00000779  __TI_decompress_lzss          
000007e1  __TI_auto_init_nobinit_nopinit
00000825  _c_int00_noargs               
00000859  __TI_decompress_none          
00000867  Reset_Handler                 
00000873  ADC14_IRQHandler              
00000873  AES256_IRQHandler             
00000873  BusFault_Handler              
00000873  COMP_E0_IRQHandler            
00000873  COMP_E1_IRQHandler            
00000873  CS_IRQHandler                 
00000873  DMA_ERR_IRQHandler            
00000873  DMA_INT0_IRQHandler           
00000873  DMA_INT1_IRQHandler           
00000873  DMA_INT2_IRQHandler           
00000873  DMA_INT3_IRQHandler           
00000873  DebugMon_Handler              
00000873  Default_Handler               
00000873  EUSCIA0_IRQHandler            
00000873  EUSCIA1_IRQHandler            
00000873  EUSCIA2_IRQHandler            
00000873  EUSCIA3_IRQHandler            
00000873  EUSCIB0_IRQHandler            
00000873  EUSCIB1_IRQHandler            
00000873  EUSCIB2_IRQHandler            
00000873  EUSCIB3_IRQHandler            
00000873  FLCTL_IRQHandler              
00000873  FPU_IRQHandler                
00000873  HardFault_Handler             
00000873  MemManage_Handler             
00000873  NMI_Handler                   
00000873  PCM_IRQHandler                
00000873  PORT2_IRQHandler              
00000873  PORT3_IRQHandler              
00000873  PORT4_IRQHandler              
00000873  PORT5_IRQHandler              
00000873  PORT6_IRQHandler              
00000873  PSS_IRQHandler                
00000873  PendSV_Handler                
00000873  RTC_C_IRQHandler              
00000873  SVC_Handler                   
00000873  SysTick_Handler               
00000873  T32_INT1_IRQHandler           
00000873  T32_INT2_IRQHandler           
00000873  T32_INTC_IRQHandler           
00000873  TA0_N_IRQHandler              
00000873  TA1_0_IRQHandler              
00000873  TA1_N_IRQHandler              
00000873  TA2_0_IRQHandler              
00000873  TA2_N_IRQHandler              
00000873  TA3_0_IRQHandler              
00000873  TA3_N_IRQHandler              
00000873  UsageFault_Handler            
00000873  WDT_A_IRQHandler              
00000875  _system_pre_init              
00000879  C$$EXIT                       
00000879  abort                         
0000088c  __TI_Handler_Table_Base       
00000894  __TI_CINIT_Base               
00000894  __TI_Handler_Table_Limit      
0000089c  __TI_CINIT_Limit              
20000000  __start___llvm_prf_cnts       
20000000  __stop___llvm_prf_cnts        
20000000  count                         
20000004  flag                          
20000008  SystemCoreClock               
2000fe00  __stack                       
20010000  __STACK_END                   
4000480c  WDTCTL_SYM                    
ffffffff  __TI_pprof_out_hndl           
ffffffff  __TI_prof_data_size           
ffffffff  __TI_prof_data_start          
ffffffff  __binit__                     
ffffffff  __c_args__                    
ffffffff  binit                         
UNDEFED   __mpu_init                    
UNDEFED   _system_post_cinit            

[95 symbols]
