******************************************************************************
                  TI ARM Linker PC v20.2.5                     
******************************************************************************
>> Linked Fri Feb 18 13:12:37 2022

OUTPUT FILE NAME:   <Toggle_LED.out>
ENTRY POINT SYMBOL: "_c_int00_noargs"  address: 00000601


MEMORY CONFIGURATION

         name            origin    length      used     unused   attr    fill
----------------------  --------  ---------  --------  --------  ----  --------
  MAIN                  00000000   00040000  00000674  0003f98c  R  X
  INFO                  00200000   00004000  00000000  00004000  R  X
  SRAM_CODE             01000000   00010000  00000208  0000fdf8  RW X
  SRAM_DATA             20000000   00010000  00000208  0000fdf8  RW  


SEGMENT ALLOCATION MAP

run origin  load origin   length   init length attrs members
----------  ----------- ---------- ----------- ----- -------
00000000    00000000    00000674   00000674    r-x
  00000000    00000000    000000e4   000000e4    r-- .intvecs
  000000e4    000000e4    00000574   00000574    r-x .text
  00000658    00000658    0000001c   0000001c    r-- .cinit
20000000    20000000    00000008   00000000    rw-
  20000000    20000000    00000008   00000000    rw- .data
2000fe00    2000fe00    00000200   00000000    rw-
  2000fe00    2000fe00    00000200   00000000    rw- .stack


SECTION ALLOCATION MAP

 output                                  attributes/
section   page    origin      length       input sections
--------  ----  ----------  ----------   ----------------
.intvecs   0    00000000    000000e4     
                  00000000    000000e4     startup_msp432p401r_ccs.obj (.intvecs:retain)

.text      0    000000e4    00000574     
                  000000e4    00000334     system_msp432p401r.obj (.text)
                  00000418    000000a0     main.obj (.text)
                  000004b8    0000009c     rtsv7M4_T_le_v4SPD16_eabi.lib : memcpy_t2.asm.obj (.text)
                  00000554    00000068                                   : copy_decompress_lzss.c.obj (.text:decompress:lzss:__TI_decompress_lzss)
                  000005bc    00000044                                   : autoinit.c.obj (.text:__TI_auto_init_nobinit_nopinit:__TI_auto_init_nobinit_nopinit)
                  00000600    00000034                                   : boot_cortex_m.c.obj (.text:_c_int00_noargs:_c_int00_noargs)
                  00000634    0000000e                                   : copy_decompress_none.c.obj (.text:decompress:none:__TI_decompress_none)
                  00000642    0000000e     startup_msp432p401r_ccs.obj (.text)
                  00000650    00000004     rtsv7M4_T_le_v4SPD16_eabi.lib : pre_init.c.obj (.text:_system_pre_init)
                  00000654    00000004                                   : exit.c.obj (.text:abort:abort)

.cinit     0    00000658    0000001c     
                  00000658    0000000b     (.cinit..data.load) [load image, compression = lzss]
                  00000663    00000001     --HOLE-- [fill = 0]
                  00000664    00000008     (__TI_handler_table)
                  0000066c    00000008     (__TI_cinit_table)

.init_array 
*          0    00000000    00000000     UNINITIALIZED

.binit     0    00000000    00000000     

.data      0    20000000    00000008     UNINITIALIZED
                  20000000    00000004     main.obj (.data)
                  20000004    00000004     system_msp432p401r.obj (.data)

.stack     0    2000fe00    00000200     UNINITIALIZED
                  2000fe00    00000004     rtsv7M4_T_le_v4SPD16_eabi.lib : boot_cortex_m.c.obj (.stack)
                  2000fe04    000001fc     --HOLE--

__llvm_prf_cnts 
*          0    20000000    00000000     UNINITIALIZED

MODULE SUMMARY

       Module                        code   ro data   rw data
       ------                        ----   -------   -------
    .\
       system_msp432p401r.obj        820    0         8      
       startup_msp432p401r_ccs.obj   14     228       0      
       main.obj                      160    0         8      
    +--+-----------------------------+------+---------+---------+
       Total:                        994    228       16     
                                                             
    C:\ti\ccs1110\ccs\tools\compiler\ti-cgt-arm_20.2.5.LTS\lib\rtsv7M4_T_le_v4SPD16_eabi.lib
       memcpy_t2.asm.obj             156    0         0      
       copy_decompress_lzss.c.obj    104    0         0      
       autoinit.c.obj                68     0         0      
       boot_cortex_m.c.obj           52     0         0      
       copy_decompress_none.c.obj    14     0         0      
       exit.c.obj                    4      0         0      
       pre_init.c.obj                4      0         0      
    +--+-----------------------------+------+---------+---------+
       Total:                        402    0         0      
                                                             
       Stack:                        0      0         1024   
       Linker Generated:             0      27        0      
    +--+-----------------------------+------+---------+---------+
       Grand Total:                  1396   255       1040   


LINKER GENERATED COPY TABLES

__TI_cinit_table @ 0000066c records: 1, size/record: 8, table size: 8
	.data: load addr=00000658, load size=0000000b bytes, run addr=20000000, run size=00000008 bytes, compression=lzss


LINKER GENERATED HANDLER TABLE

__TI_handler_table @ 00000664 records: 2, size/record: 4, table size: 8
	index: 0, handler: __TI_decompress_lzss
	index: 1, handler: __TI_decompress_none


GLOBAL SYMBOLS: SORTED ALPHABETICALLY BY Name 

address   name                          
-------   ----                          
0000064f  ADC14_IRQHandler              
0000064f  AES256_IRQHandler             
0000064f  BusFault_Handler              
00000655  C$$EXIT                       
0000064f  COMP_E0_IRQHandler            
0000064f  COMP_E1_IRQHandler            
0000064f  CS_IRQHandler                 
0000064f  DMA_ERR_IRQHandler            
0000064f  DMA_INT0_IRQHandler           
0000064f  DMA_INT1_IRQHandler           
0000064f  DMA_INT2_IRQHandler           
0000064f  DMA_INT3_IRQHandler           
0000064f  DebugMon_Handler              
0000064f  Default_Handler               
0000064f  EUSCIA0_IRQHandler            
0000064f  EUSCIA1_IRQHandler            
0000064f  EUSCIA2_IRQHandler            
0000064f  EUSCIA3_IRQHandler            
0000064f  EUSCIB0_IRQHandler            
0000064f  EUSCIB1_IRQHandler            
0000064f  EUSCIB2_IRQHandler            
0000064f  EUSCIB3_IRQHandler            
0000064f  FLCTL_IRQHandler              
0000064f  FPU_IRQHandler                
0000064f  HardFault_Handler             
0000064f  MemManage_Handler             
0000064f  NMI_Handler                   
0000064f  PCM_IRQHandler                
0000064f  PORT1_IRQHandler              
0000064f  PORT2_IRQHandler              
0000064f  PORT3_IRQHandler              
0000064f  PORT4_IRQHandler              
0000064f  PORT5_IRQHandler              
0000064f  PORT6_IRQHandler              
0000064f  PSS_IRQHandler                
0000064f  PendSV_Handler                
0000064f  RTC_C_IRQHandler              
00000643  Reset_Handler                 
0000064f  SVC_Handler                   
0000064f  SysTick_Handler               
20000004  SystemCoreClock               
000000e5  SystemCoreClockUpdate         
0000035d  SystemInit                    
0000064f  T32_INT1_IRQHandler           
0000064f  T32_INT2_IRQHandler           
0000064f  T32_INTC_IRQHandler           
00000463  TA0_0_IRQHandler              
00000463  TA0_0_IRQHandler              
0000064f  TA0_N_IRQHandler              
0000064f  TA1_0_IRQHandler              
0000064f  TA1_N_IRQHandler              
0000064f  TA2_0_IRQHandler              
0000064f  TA2_N_IRQHandler              
0000064f  TA3_0_IRQHandler              
0000064f  TA3_N_IRQHandler              
0000064f  UsageFault_Handler            
4000480c  WDTCTL_SYM                    
0000064f  WDT_A_IRQHandler              
20010000  __STACK_END                   
00000200  __STACK_SIZE                  
0000066c  __TI_CINIT_Base               
00000674  __TI_CINIT_Limit              
00000664  __TI_Handler_Table_Base       
0000066c  __TI_Handler_Table_Limit      
000005bd  __TI_auto_init_nobinit_nopinit
00000555  __TI_decompress_lzss          
00000635  __TI_decompress_none          
ffffffff  __TI_pprof_out_hndl           
ffffffff  __TI_prof_data_size           
ffffffff  __TI_prof_data_start          
00000000  __TI_static_base__            
000004b9  __aeabi_memcpy                
000004b9  __aeabi_memcpy4               
000004b9  __aeabi_memcpy8               
ffffffff  __binit__                     
ffffffff  __c_args__                    
UNDEFED   __mpu_init                    
2000fe00  __stack                       
20000000  __start___llvm_prf_cnts       
20000000  __stop___llvm_prf_cnts        
00000601  _c_int00_noargs               
UNDEFED   _system_post_cinit            
00000651  _system_pre_init              
00000655  abort                         
ffffffff  binit                         
20000000  count_interrupt               
00000419  initialize                    
00000000  interruptVectors              
0000043d  main                          
000004b9  memcpy                        


GLOBAL SYMBOLS: SORTED BY Symbol Address 

address   name                          
-------   ----                          
00000000  __TI_static_base__            
00000000  interruptVectors              
000000e5  SystemCoreClockUpdate         
00000200  __STACK_SIZE                  
0000035d  SystemInit                    
00000419  initialize                    
0000043d  main                          
00000463  TA0_0_IRQHandler              
00000463  TA0_0_IRQHandler              
000004b9  __aeabi_memcpy                
000004b9  __aeabi_memcpy4               
000004b9  __aeabi_memcpy8               
000004b9  memcpy                        
00000555  __TI_decompress_lzss          
000005bd  __TI_auto_init_nobinit_nopinit
00000601  _c_int00_noargs               
00000635  __TI_decompress_none          
00000643  Reset_Handler                 
0000064f  ADC14_IRQHandler              
0000064f  AES256_IRQHandler             
0000064f  BusFault_Handler              
0000064f  COMP_E0_IRQHandler            
0000064f  COMP_E1_IRQHandler            
0000064f  CS_IRQHandler                 
0000064f  DMA_ERR_IRQHandler            
0000064f  DMA_INT0_IRQHandler           
0000064f  DMA_INT1_IRQHandler           
0000064f  DMA_INT2_IRQHandler           
0000064f  DMA_INT3_IRQHandler           
0000064f  DebugMon_Handler              
0000064f  Default_Handler               
0000064f  EUSCIA0_IRQHandler            
0000064f  EUSCIA1_IRQHandler            
0000064f  EUSCIA2_IRQHandler            
0000064f  EUSCIA3_IRQHandler            
0000064f  EUSCIB0_IRQHandler            
0000064f  EUSCIB1_IRQHandler            
0000064f  EUSCIB2_IRQHandler            
0000064f  EUSCIB3_IRQHandler            
0000064f  FLCTL_IRQHandler              
0000064f  FPU_IRQHandler                
0000064f  HardFault_Handler             
0000064f  MemManage_Handler             
0000064f  NMI_Handler                   
0000064f  PCM_IRQHandler                
0000064f  PORT1_IRQHandler              
0000064f  PORT2_IRQHandler              
0000064f  PORT3_IRQHandler              
0000064f  PORT4_IRQHandler              
0000064f  PORT5_IRQHandler              
0000064f  PORT6_IRQHandler              
0000064f  PSS_IRQHandler                
0000064f  PendSV_Handler                
0000064f  RTC_C_IRQHandler              
0000064f  SVC_Handler                   
0000064f  SysTick_Handler               
0000064f  T32_INT1_IRQHandler           
0000064f  T32_INT2_IRQHandler           
0000064f  T32_INTC_IRQHandler           
0000064f  TA0_N_IRQHandler              
0000064f  TA1_0_IRQHandler              
0000064f  TA1_N_IRQHandler              
0000064f  TA2_0_IRQHandler              
0000064f  TA2_N_IRQHandler              
0000064f  TA3_0_IRQHandler              
0000064f  TA3_N_IRQHandler              
0000064f  UsageFault_Handler            
0000064f  WDT_A_IRQHandler              
00000651  _system_pre_init              
00000655  C$$EXIT                       
00000655  abort                         
00000664  __TI_Handler_Table_Base       
0000066c  __TI_CINIT_Base               
0000066c  __TI_Handler_Table_Limit      
00000674  __TI_CINIT_Limit              
20000000  __start___llvm_prf_cnts       
20000000  __stop___llvm_prf_cnts        
20000000  count_interrupt               
20000004  SystemCoreClock               
2000fe00  __stack                       
20010000  __STACK_END                   
4000480c  WDTCTL_SYM                    
ffffffff  __TI_pprof_out_hndl           
ffffffff  __TI_prof_data_size           
ffffffff  __TI_prof_data_start          
ffffffff  __binit__                     
ffffffff  __c_args__                    
ffffffff  binit                         
UNDEFED   __mpu_init                    
UNDEFED   _system_post_cinit            

[90 symbols]
